Archive member included to satisfy reference by file (symbol)

c:/st/stm32cubeide_1.1.0/stm32cubeide/plugins/com.st.stm32cube.ide.mcu.externaltools.gnu-tools-for-stm32.7-2018-q2-update.win32_1.0.0.201904181610/tools/bin/../lib/gcc/arm-none-eabi/7.3.1/../../../../arm-none-eabi/lib/thumb/v7e-m/fpv4-sp/hard\libc_nano.a(lib_a-errno.o)
                              Core/Src/syscalls.o (__errno)
c:/st/stm32cubeide_1.1.0/stm32cubeide/plugins/com.st.stm32cube.ide.mcu.externaltools.gnu-tools-for-stm32.7-2018-q2-update.win32_1.0.0.201904181610/tools/bin/../lib/gcc/arm-none-eabi/7.3.1/../../../../arm-none-eabi/lib/thumb/v7e-m/fpv4-sp/hard\libc_nano.a(lib_a-exit.o)
                              c:/st/stm32cubeide_1.1.0/stm32cubeide/plugins/com.st.stm32cube.ide.mcu.externaltools.gnu-tools-for-stm32.7-2018-q2-update.win32_1.0.0.201904181610/tools/bin/../lib/gcc/arm-none-eabi/7.3.1/../../../../arm-none-eabi/lib/thumb/v7e-m/fpv4-sp/hard/crt0.o (exit)
c:/st/stm32cubeide_1.1.0/stm32cubeide/plugins/com.st.stm32cube.ide.mcu.externaltools.gnu-tools-for-stm32.7-2018-q2-update.win32_1.0.0.201904181610/tools/bin/../lib/gcc/arm-none-eabi/7.3.1/../../../../arm-none-eabi/lib/thumb/v7e-m/fpv4-sp/hard\libc_nano.a(lib_a-impure.o)
                              c:/st/stm32cubeide_1.1.0/stm32cubeide/plugins/com.st.stm32cube.ide.mcu.externaltools.gnu-tools-for-stm32.7-2018-q2-update.win32_1.0.0.201904181610/tools/bin/../lib/gcc/arm-none-eabi/7.3.1/../../../../arm-none-eabi/lib/thumb/v7e-m/fpv4-sp/hard\libc_nano.a(lib_a-exit.o) (_global_impure_ptr)
c:/st/stm32cubeide_1.1.0/stm32cubeide/plugins/com.st.stm32cube.ide.mcu.externaltools.gnu-tools-for-stm32.7-2018-q2-update.win32_1.0.0.201904181610/tools/bin/../lib/gcc/arm-none-eabi/7.3.1/../../../../arm-none-eabi/lib/thumb/v7e-m/fpv4-sp/hard\libc_nano.a(lib_a-init.o)
                              c:/st/stm32cubeide_1.1.0/stm32cubeide/plugins/com.st.stm32cube.ide.mcu.externaltools.gnu-tools-for-stm32.7-2018-q2-update.win32_1.0.0.201904181610/tools/bin/../lib/gcc/arm-none-eabi/7.3.1/../../../../arm-none-eabi/lib/thumb/v7e-m/fpv4-sp/hard/crt0.o (__libc_init_array)
c:/st/stm32cubeide_1.1.0/stm32cubeide/plugins/com.st.stm32cube.ide.mcu.externaltools.gnu-tools-for-stm32.7-2018-q2-update.win32_1.0.0.201904181610/tools/bin/../lib/gcc/arm-none-eabi/7.3.1/../../../../arm-none-eabi/lib/thumb/v7e-m/fpv4-sp/hard\libc_nano.a(lib_a-memset.o)
                              c:/st/stm32cubeide_1.1.0/stm32cubeide/plugins/com.st.stm32cube.ide.mcu.externaltools.gnu-tools-for-stm32.7-2018-q2-update.win32_1.0.0.201904181610/tools/bin/../lib/gcc/arm-none-eabi/7.3.1/../../../../arm-none-eabi/lib/thumb/v7e-m/fpv4-sp/hard/crt0.o (memset)
c:/st/stm32cubeide_1.1.0/stm32cubeide/plugins/com.st.stm32cube.ide.mcu.externaltools.gnu-tools-for-stm32.7-2018-q2-update.win32_1.0.0.201904181610/tools/bin/../lib/gcc/arm-none-eabi/7.3.1/../../../../arm-none-eabi/lib/thumb/v7e-m/fpv4-sp/hard\libc_nano.a(lib_a-printf.o)
                              Core/Src/MVL.o (printf)
c:/st/stm32cubeide_1.1.0/stm32cubeide/plugins/com.st.stm32cube.ide.mcu.externaltools.gnu-tools-for-stm32.7-2018-q2-update.win32_1.0.0.201904181610/tools/bin/../lib/gcc/arm-none-eabi/7.3.1/../../../../arm-none-eabi/lib/thumb/v7e-m/fpv4-sp/hard\libc_nano.a(lib_a-putchar.o)
                              Core/Src/MVL.o (putchar)
c:/st/stm32cubeide_1.1.0/stm32cubeide/plugins/com.st.stm32cube.ide.mcu.externaltools.gnu-tools-for-stm32.7-2018-q2-update.win32_1.0.0.201904181610/tools/bin/../lib/gcc/arm-none-eabi/7.3.1/../../../../arm-none-eabi/lib/thumb/v7e-m/fpv4-sp/hard\libc_nano.a(lib_a-findfp.o)
                              c:/st/stm32cubeide_1.1.0/stm32cubeide/plugins/com.st.stm32cube.ide.mcu.externaltools.gnu-tools-for-stm32.7-2018-q2-update.win32_1.0.0.201904181610/tools/bin/../lib/gcc/arm-none-eabi/7.3.1/../../../../arm-none-eabi/lib/thumb/v7e-m/fpv4-sp/hard\libc_nano.a(lib_a-printf.o) (__sinit)
c:/st/stm32cubeide_1.1.0/stm32cubeide/plugins/com.st.stm32cube.ide.mcu.externaltools.gnu-tools-for-stm32.7-2018-q2-update.win32_1.0.0.201904181610/tools/bin/../lib/gcc/arm-none-eabi/7.3.1/../../../../arm-none-eabi/lib/thumb/v7e-m/fpv4-sp/hard\libc_nano.a(lib_a-fwalk.o)
                              c:/st/stm32cubeide_1.1.0/stm32cubeide/plugins/com.st.stm32cube.ide.mcu.externaltools.gnu-tools-for-stm32.7-2018-q2-update.win32_1.0.0.201904181610/tools/bin/../lib/gcc/arm-none-eabi/7.3.1/../../../../arm-none-eabi/lib/thumb/v7e-m/fpv4-sp/hard\libc_nano.a(lib_a-findfp.o) (_fwalk)
c:/st/stm32cubeide_1.1.0/stm32cubeide/plugins/com.st.stm32cube.ide.mcu.externaltools.gnu-tools-for-stm32.7-2018-q2-update.win32_1.0.0.201904181610/tools/bin/../lib/gcc/arm-none-eabi/7.3.1/../../../../arm-none-eabi/lib/thumb/v7e-m/fpv4-sp/hard\libc_nano.a(lib_a-nano-mallocr.o)
[...]
Memory Configuration

Name             Origin             Length             Attributes
CCMRAM           0x0000000010000000 0x0000000000010000 xrw
RAM              0x0000000020000000 0x0000000000030000 xrw
FLASH            0x0000000008000000 0x0000000000200000 xr
*default*        0x0000000000000000 0xffffffffffffffff

Linker script and memory map

LOAD c:/st/stm32cubeide_1.1.0/stm32cubeide/plugins/com.st.stm32cube.ide.mcu.externaltools.gnu-tools-for-stm32.7-2018-q2-update.win32_1.0.0.201904181610/tools/bin/../lib/gcc/arm-none-eabi/7.3.1/thumb/v7e-m/fpv4-sp/hard/crti.o
LOAD c:/st/stm32cubeide_1.1.0/stm32cubeide/plugins/com.st.stm32cube.ide.mcu.externaltools.gnu-tools-for-stm32.7-2018-q2-update.win32_1.0.0.201904181610/tools/bin/../lib/gcc/arm-none-eabi/7.3.1/thumb/v7e-m/fpv4-sp/hard/crtbegin.o
LOAD c:/st/stm32cubeide_1.1.0/stm32cubeide/plugins/com.st.stm32cube.ide.mcu.externaltools.gnu-tools-for-stm32.7-2018-q2-update.win32_1.0.0.201904181610/tools/bin/../lib/gcc/arm-none-eabi/7.3.1/../../../../arm-none-eabi/lib/thumb/v7e-m/fpv4-sp/hard/crt0.o
LOAD Core/Src/MVCD_ST7920lib.o
LOAD Core/Src/MVL.o
LOAD Core/Src/eth.o
LOAD Core/Src/gpio.o
LOAD Core/Src/main.o
LOAD Core/Src/stm32f4xx_hal_msp.o
LOAD Core/Src/stm32f4xx_it.o
LOAD Core/Src/sys.o
LOAD Core/Src/syscalls.o
LOAD Core/Src/sysmem.o
LOAD Core/Src/system_stm32f4xx.o
LOAD Core/Src/tim.o
LOAD Core/Src/usart.o
LOAD Core/Src/usb_otg.o
LOAD Core/Startup/startup_stm32f429zitx.o
LOAD Drivers/STM32F4xx_HAL_Driver/Src/stm32f4xx_hal.o
LOAD Drivers/STM32F4xx_HAL_Driver/Src/stm32f4xx_hal_cortex.o
LOAD Drivers/STM32F4xx_HAL_Driver/Src/stm32f4xx_hal_dma.o
LOAD Drivers/STM32F4xx_HAL_Driver/Src/stm32f4xx_hal_dma_ex.o
LOAD Drivers/STM32F4xx_HAL_Driver/Src/stm32f4xx_hal_eth.o
LOAD Drivers/STM32F4xx_HAL_Driver/Src/stm32f4xx_hal_exti.o
LOAD Drivers/STM32F4xx_HAL_Driver/Src/stm32f4xx_hal_flash.o
LOAD Drivers/STM32F4xx_HAL_Driver/Src/stm32f4xx_hal_flash_ex.o
LOAD Drivers/STM32F4xx_HAL_Driver/Src/stm32f4xx_hal_flash_ramfunc.o
LOAD Drivers/STM32F4xx_HAL_Driver/Src/stm32f4xx_hal_gpio.o
LOAD Drivers/STM32F4xx_HAL_Driver/Src/stm32f4xx_hal_pcd.o
LOAD Drivers/STM32F4xx_HAL_Driver/Src/stm32f4xx_hal_pcd_ex.o
LOAD Drivers/STM32F4xx_HAL_Driver/Src/stm32f4xx_hal_pwr.o
LOAD Drivers/STM32F4xx_HAL_Driver/Src/stm32f4xx_hal_pwr_ex.o
LOAD Drivers/STM32F4xx_HAL_Driver/Src/stm32f4xx_hal_rcc.o
LOAD Drivers/STM32F4xx_HAL_Driver/Src/stm32f4xx_hal_rcc_ex.o
LOAD Drivers/STM32F4xx_HAL_Driver/Src/stm32f4xx_hal_tim.o
LOAD Drivers/STM32F4xx_HAL_Driver/Src/stm32f4xx_hal_tim_ex.o
LOAD Drivers/STM32F4xx_HAL_Driver/Src/stm32f4xx_hal_uart.o
LOAD Drivers/STM32F4xx_HAL_Driver/Src/stm32f4xx_ll_usb.o
START GROUP
LOAD c:/st/stm32cubeide_1.1.0/stm32cubeide/plugins/com.st.stm32cube.ide.mcu.externaltools.gnu-tools-for-stm32.7-2018-q2-update.win32_1.0.0.201904181610/tools/bin/../lib/gcc/arm-none-eabi/7.3.1/../../../../arm-none-eabi/lib/thumb/v7e-m/fpv4-sp/hard\libc_nano.a
LOAD c:/st/stm32cubeide_1.1.0/stm32cubeide/plugins/com.st.stm32cube.ide.mcu.externaltools.gnu-tools-for-stm32.7-2018-q2-update.win32_1.0.0.201904181610/tools/bin/../lib/gcc/arm-none-eabi/7.3.1/../../../../arm-none-eabi/lib/thumb/v7e-m/fpv4-sp/hard\libm.a
END GROUP
START GROUP
LOAD c:/st/stm32cubeide_1.1.0/stm32cubeide/plugins/com.st.stm32cube.ide.mcu.externaltools.gnu-tools-for-stm32.7-2018-q2-update.win32_1.0.0.201904181610/tools/bin/../lib/gcc/arm-none-eabi/7.3.1/thumb/v7e-m/fpv4-sp/hard\libgcc.a
LOAD c:/st/stm32cubeide_1.1.0/stm32cubeide/plugins/com.st.stm32cube.ide.mcu.externaltools.gnu-tools-for-stm32.7-2018-q2-update.win32_1.0.0.201904181610/tools/bin/../lib/gcc/arm-none-eabi/7.3.1/../../../../arm-none-eabi/lib/thumb/v7e-m/fpv4-sp/hard\libc_nano.a
END GROUP
START GROUP
LOAD c:/st/stm32cubeide_1.1.0/stm32cubeide/plugins/com.st.stm32cube.ide.mcu.externaltools.gnu-tools-for-stm32.7-2018-q2-update.win32_1.0.0.201904181610/tools/bin/../lib/gcc/arm-none-eabi/7.3.1/thumb/v7e-m/fpv4-sp/hard\libgcc.a
LOAD c:/st/stm32cubeide_1.1.0/stm32cubeide/plugins/com.st.stm32cube.ide.mcu.externaltools.gnu-tools-for-stm32.7-2018-q2-update.win32_1.0.0.201904181610/tools/bin/../lib/gcc/arm-none-eabi/7.3.1/../../../../arm-none-eabi/lib/thumb/v7e-m/fpv4-sp/hard\libc_nano.a
LOAD c:/st/stm32cubeide_1.1.0/stm32cubeide/plugins/com.st.stm32cube.ide.mcu.externaltools.gnu-tools-for-stm32.7-2018-q2-update.win32_1.0.0.201904181610/tools/bin/../lib/gcc/arm-none-eabi/7.3.1/../../../../arm-none-eabi/lib/thumb/v7e-m/fpv4-sp/hard\libnosys.a
END GROUP
START GROUP
LOAD c:/st/stm32cubeide_1.1.0/stm32cubeide/plugins/com.st.stm32cube.ide.mcu.externaltools.gnu-tools-for-stm32.7-2018-q2-update.win32_1.0.0.201904181610/tools/bin/../lib/gcc/arm-none-eabi/7.3.1/thumb/v7e-m/fpv4-sp/hard\libgcc.a
LOAD c:/st/stm32cubeide_1.1.0/stm32cubeide/plugins/com.st.stm32cube.ide.mcu.externaltools.gnu-tools-for-stm32.7-2018-q2-update.win32_1.0.0.201904181610/tools/bin/../lib/gcc/arm-none-eabi/7.3.1/../../../../arm-none-eabi/lib/thumb/v7e-m/fpv4-sp/hard\libc_nano.a
LOAD c:/st/stm32cubeide_1.1.0/stm32cubeide/plugins/com.st.stm32cube.ide.mcu.externaltools.gnu-tools-for-stm32.7-2018-q2-update.win32_1.0.0.201904181610/tools/bin/../lib/gcc/arm-none-eabi/7.3.1/../../../../arm-none-eabi/lib/thumb/v7e-m/fpv4-sp/hard\libnosys.a
END GROUP
LOAD c:/st/stm32cubeide_1.1.0/stm32cubeide/plugins/com.st.stm32cube.ide.mcu.externaltools.gnu-tools-for-stm32.7-2018-q2-update.win32_1.0.0.201904181610/tools/bin/../lib/gcc/arm-none-eabi/7.3.1/thumb/v7e-m/fpv4-sp/hard/crtend.o
LOAD c:/st/stm32cubeide_1.1.0/stm32cubeide/plugins/com.st.stm32cube.ide.mcu.externaltools.gnu-tools-for-stm32.7-2018-q2-update.win32_1.0.0.201904181610/tools/bin/../lib/gcc/arm-none-eabi/7.3.1/thumb/v7e-m/fpv4-sp/hard/crtn.o
                0x0000000020030000                _estack = (ORIGIN (RAM) + LENGTH (RAM))
                0x0000000000000200                _Min_Heap_Size = 0x200
                0x0000000000000400                _Min_Stack_Size = 0x400

.isr_vector     0x0000000008000000      0x1ac
                0x0000000008000000                . = ALIGN (0x4)
 *(.isr_vector)
 .isr_vector    0x0000000008000000      0x1ac Core/Startup/startup_stm32f429zitx.o
                0x0000000008000000                g_pfnVectors
                0x00000000080001ac                . = ALIGN (0x4)

.text           0x00000000080001ac     0x3d7c
                0x00000000080001ac                . = ALIGN (0x4)
 *(.text)
 .text          0x00000000080001ac       0x40 c:/st/stm32cubeide_1.1.0/stm32cubeide/plugins/com.st.stm32cube.ide.mcu.externaltools.gnu-tools-for-stm32.7-2018-q2-update.win32_1.0.0.201904181610/tools/bin/../lib/gcc/arm-none-eabi/7.3.1/thumb/v7e-m/fpv4-sp/hard/crtbegin.o
 .text          0x00000000080001ec       0x30 c:/st/stm32cubeide_1.1.0/stm32cubeide/plugins/com.st.stm32cube.ide.mcu.externaltools.gnu-tools-for-stm32.7-2018-q2-update.win32_1.0.0.201904181610/tools/bin/../lib/gcc/arm-none-eabi/7.3.1/thumb/v7e-m/fpv4-sp/hard\libgcc.a(_aeabi_uldivmod.o)
                0x00000000080001ec                __aeabi_uldivmod
 .text          0x000000000800021c      0x2cc c:/st/stm32cubeide_1.1.0/stm32cubeide/plugins/com.st.stm32cube.ide.mcu.externaltools.gnu-tools-for-stm32.7-2018-q2-update.win32_1.0.0.201904181610/tools/bin/../lib/gcc/arm-none-eabi/7.3.1/thumb/v7e-m/fpv4-sp/hard\libgcc.a(_udivmoddi4.o)
                0x000000000800021c                __udivmoddi4
 .text          0x00000000080004e8        0x4 c:/st/stm32cubeide_1.1.0/stm32cubeide/plugins/com.st.stm32cube.ide.mcu.externaltools.gnu-tools-for-stm32.7-2018-q2-update.win32_1.0.0.201904181610/tools/bin/../lib/gcc/arm-none-eabi/7.3.1/thumb/v7e-m/fpv4-sp/hard\libgcc.a(_dvmd_tls.o)
                0x00000000080004e8                __aeabi_idiv0
                0x00000000080004e8                __aeabi_ldiv0
 *(.text*)
 .text.MVCD_delay_us
                0x00000000080004ec       0x30 Core/Src/MVCD_ST7920lib.o
                0x00000000080004ec                MVCD_delay_us
 .text.MVCD_SendByte_SPI
                0x000000000800051c       0x70 Core/Src/MVCD_ST7920lib.o
                0x000000000800051c                MVCD_SendByte_SPI
 .text.MVCD_ST7920_Send
                0x000000000800058c       0x64 Core/Src/MVCD_ST7920lib.o
                0x000000000800058c                MVCD_ST7920_Send
 .text.MVCD_ST7920_baseinit
                0x00000000080005f0       0x98 Core/Src/MVCD_ST7920lib.o
                0x00000000080005f0                MVCD_ST7920_baseinit
 .text.MVCD_ST7920_GraphicMode
                0x0000000008000688       0x5e Core/Src/MVCD_ST7920lib.o
                0x0000000008000688                MVCD_ST7920_GraphicMode
 *fill*         0x00000000080006e6        0x2 
 .text.MVCD_LCDclear
                0x00000000080006e8       0xa8 Core/Src/MVCD_ST7920lib.o
                0x00000000080006e8                MVCD_LCDclear
 .text.MX_ETH_Init
                0x0000000008000790       0x80 Core/Src/eth.o
                0x0000000008000790                MX_ETH_Init
 .text.HAL_ETH_MspInit
                0x0000000008000810      0x18c Core/Src/eth.o
                0x0000000008000810                HAL_ETH_MspInit
 .text.MX_GPIO_Init
                0x000000000800099c      0x1f0 Core/Src/gpio.o
                0x000000000800099c                MX_GPIO_Init
 .text.main     0x0000000008000b8c       0x78 Core/Src/main.o
                0x0000000008000b8c                main
 .text.SystemClock_Config
                0x0000000008000c04       0xd8 Core/Src/main.o
                0x0000000008000c04                SystemClock_Config
 .text.Error_Handler
                0x0000000008000cdc        0xe Core/Src/main.o
                0x0000000008000cdc                Error_Handler
 *fill*         0x0000000008000cea        0x2 
 .text.HAL_MspInit
                0x0000000008000cec       0x50 Core/Src/stm32f4xx_hal_msp.o
                0x0000000008000cec                HAL_MspInit
 .text.NMI_Handler
                0x0000000008000d3c        0xe Core/Src/stm32f4xx_it.o
                0x0000000008000d3c                NMI_Handler
 .text.HardFault_Handler
                0x0000000008000d4a        0x6 Core/Src/stm32f4xx_it.o
                0x0000000008000d4a                HardFault_Handler
 .text.MemManage_Handler
                0x0000000008000d50        0x6 Core/Src/stm32f4xx_it.o
                0x0000000008000d50                MemManage_Handler
 .text.BusFault_Handler
                0x0000000008000d56        0x6 Core/Src/stm32f4xx_it.o
                0x0000000008000d56                BusFault_Handler
 .text.UsageFault_Handler
                0x0000000008000d5c        0x6 Core/Src/stm32f4xx_it.o
                0x0000000008000d5c                UsageFault_Handler
 .text.SVC_Handler
                0x0000000008000d62        0xe Core/Src/stm32f4xx_it.o
                0x0000000008000d62                SVC_Handler
 .text.DebugMon_Handler
                0x0000000008000d70        0xe Core/Src/stm32f4xx_it.o
                0x0000000008000d70                DebugMon_Handler
 .text.PendSV_Handler
                0x0000000008000d7e        0xe Core/Src/stm32f4xx_it.o
                0x0000000008000d7e                PendSV_Handler
 .text.SysTick_Handler
                0x0000000008000d8c        0xc Core/Src/stm32f4xx_it.o
                0x0000000008000d8c                SysTick_Handler
 .text.SystemInit
                0x0000000008000d98       0x2c Core/Src/system_stm32f4xx.o
                0x0000000008000d98                SystemInit
 .text.MX_TIM2_Init
                0x0000000008000dc4       0x98 Core/Src/tim.o
                0x0000000008000dc4                MX_TIM2_Init
 .text.MX_TIM3_Init
                0x0000000008000e5c       0x98 Core/Src/tim.o
                0x0000000008000e5c                MX_TIM3_Init
 .text.HAL_TIM_Base_MspInit
                0x0000000008000ef4       0x6c Core/Src/tim.o
                0x0000000008000ef4                HAL_TIM_Base_MspInit
 .text.MX_USART3_UART_Init
                0x0000000008000f60       0x54 Core/Src/usart.o
                0x0000000008000f60                MX_USART3_UART_Init
 .text.HAL_UART_MspInit
                0x0000000008000fb4       0x90 Core/Src/usart.o
                0x0000000008000fb4                HAL_UART_MspInit
 .text.MX_USB_OTG_FS_PCD_Init
                0x0000000008001044       0x5c Core/Src/usb_otg.o
                0x0000000008001044                MX_USB_OTG_FS_PCD_Init
 .text.HAL_PCD_MspInit
                0x00000000080010a0       0xb4 Core/Src/usb_otg.o
                0x00000000080010a0                HAL_PCD_MspInit
 .text.Reset_Handler
                0x0000000008001154       0x50 Core/Startup/startup_stm32f429zitx.o
                0x0000000008001154                Reset_Handler
 .text.Default_Handler
                0x00000000080011a4        0x2 Core/Startup/startup_stm32f429zitx.o
                0x00000000080011a4                RTC_Alarm_IRQHandler
                0x00000000080011a4                HASH_RNG_IRQHandler
                0x00000000080011a4                EXTI2_IRQHandler
                0x00000000080011a4                TIM8_CC_IRQHandler
                0x00000000080011a4                UART8_IRQHandler
                0x00000000080011a4                SPI4_IRQHandler
                0x00000000080011a4                TIM1_CC_IRQHandler
                0x00000000080011a4                DMA2_Stream5_IRQHandler
                0x00000000080011a4                DMA1_Stream5_IRQHandler
                0x00000000080011a4                PVD_IRQHandler
                0x00000000080011a4                SDIO_IRQHandler
                0x00000000080011a4                TAMP_STAMP_IRQHandler
                0x00000000080011a4                CAN2_RX1_IRQHandler
                0x00000000080011a4                EXTI3_IRQHandler
                0x00000000080011a4                TIM8_TRG_COM_TIM14_IRQHandler
                0x00000000080011a4                TIM1_UP_TIM10_IRQHandler
                0x00000000080011a4                TIM8_UP_TIM13_IRQHandler
                0x00000000080011a4                I2C3_ER_IRQHandler
                0x00000000080011a4                EXTI0_IRQHandler
                0x00000000080011a4                I2C2_EV_IRQHandler
                0x00000000080011a4                DMA1_Stream2_IRQHandler
                0x00000000080011a4                CAN1_RX0_IRQHandler
                0x00000000080011a4                FPU_IRQHandler
                0x00000000080011a4                OTG_HS_WKUP_IRQHandler
                0x00000000080011a4                LTDC_ER_IRQHandler
                0x00000000080011a4                CAN2_SCE_IRQHandler
                0x00000000080011a4                DMA2_Stream2_IRQHandler
                0x00000000080011a4                SPI1_IRQHandler
                0x00000000080011a4                TIM6_DAC_IRQHandler
                0x00000000080011a4                TIM1_BRK_TIM9_IRQHandler
                0x00000000080011a4                DCMI_IRQHandler
                0x00000000080011a4                CAN2_RX0_IRQHandler
                0x00000000080011a4                DMA2_Stream3_IRQHandler
                0x00000000080011a4                USART6_IRQHandler
                0x00000000080011a4                USART3_IRQHandler
                0x00000000080011a4                CAN1_RX1_IRQHandler
                0x00000000080011a4                UART5_IRQHandler
                0x00000000080011a4                DMA2_Stream0_IRQHandler
                0x00000000080011a4                TIM4_IRQHandler
                0x00000000080011a4                I2C1_EV_IRQHandler
                0x00000000080011a4                DMA1_Stream6_IRQHandler
                0x00000000080011a4                DMA1_Stream1_IRQHandler
                0x00000000080011a4                UART4_IRQHandler
                0x00000000080011a4                TIM3_IRQHandler
                0x00000000080011a4                RCC_IRQHandler
                0x00000000080011a4                TIM8_BRK_TIM12_IRQHandler
                0x00000000080011a4                Default_Handler
                0x00000000080011a4                EXTI15_10_IRQHandler
                0x00000000080011a4                ADC_IRQHandler
                0x00000000080011a4                DMA1_Stream7_IRQHandler
                0x00000000080011a4                SPI5_IRQHandler
                0x00000000080011a4                TIM7_IRQHandler
                0x00000000080011a4                CAN2_TX_IRQHandler
                0x00000000080011a4                TIM5_IRQHandler
                0x00000000080011a4                DMA2_Stream7_IRQHandler
                0x00000000080011a4                I2C3_EV_IRQHandler
                0x00000000080011a4                EXTI9_5_IRQHandler
                0x00000000080011a4                RTC_WKUP_IRQHandler
                0x00000000080011a4                LTDC_IRQHandler
                0x00000000080011a4                ETH_WKUP_IRQHandler
                0x00000000080011a4                SPI2_IRQHandler
                0x00000000080011a4                OTG_HS_EP1_IN_IRQHandler
                0x00000000080011a4                DMA1_Stream0_IRQHandler
                0x00000000080011a4                CAN1_TX_IRQHandler
                0x00000000080011a4                EXTI4_IRQHandler
                0x00000000080011a4                ETH_IRQHandler
                0x00000000080011a4                OTG_HS_EP1_OUT_IRQHandler
                0x00000000080011a4                WWDG_IRQHandler
                0x00000000080011a4                SPI6_IRQHandler
                0x00000000080011a4                TIM2_IRQHandler
                0x00000000080011a4                OTG_FS_WKUP_IRQHandler
                0x00000000080011a4                TIM1_TRG_COM_TIM11_IRQHandler
                0x00000000080011a4                OTG_HS_IRQHandler
                0x00000000080011a4                DMA2D_IRQHandler
                0x00000000080011a4                EXTI1_IRQHandler
                0x00000000080011a4                UART7_IRQHandler
                0x00000000080011a4                USART2_IRQHandler
                0x00000000080011a4                I2C2_ER_IRQHandler
                0x00000000080011a4                DMA2_Stream1_IRQHandler
                0x00000000080011a4                CAN1_SCE_IRQHandler
                0x00000000080011a4                FLASH_IRQHandler
                0x00000000080011a4                DMA2_Stream4_IRQHandler
                0x00000000080011a4                USART1_IRQHandler
                0x00000000080011a4                OTG_FS_IRQHandler
                0x00000000080011a4                SPI3_IRQHandler
                0x00000000080011a4                DMA1_Stream4_IRQHandler
                0x00000000080011a4                I2C1_ER_IRQHandler
                0x00000000080011a4                FMC_IRQHandler
                0x00000000080011a4                DMA2_Stream6_IRQHandler
                0x00000000080011a4                SAI1_IRQHandler
                0x00000000080011a4                DMA1_Stream3_IRQHandler
 *fill*         0x00000000080011a6        0x2 
 .text.HAL_Init
                0x00000000080011a8       0x44 Drivers/STM32F4xx_HAL_Driver/Src/stm32f4xx_hal.o
                0x00000000080011a8                HAL_Init
 .text.HAL_InitTick
                0x00000000080011ec       0x60 Drivers/STM32F4xx_HAL_Driver/Src/stm32f4xx_hal.o
                0x00000000080011ec                HAL_InitTick
 .text.HAL_IncTick
                0x000000000800124c       0x28 Drivers/STM32F4xx_HAL_Driver/Src/stm32f4xx_hal.o
                0x000000000800124c                HAL_IncTick
 .text.HAL_GetTick
                0x0000000008001274       0x18 Drivers/STM32F4xx_HAL_Driver/Src/stm32f4xx_hal.o
                0x0000000008001274                HAL_GetTick
 .text.HAL_Delay
                0x000000000800128c       0x44 Drivers/STM32F4xx_HAL_Driver/Src/stm32f4xx_hal.o
                0x000000000800128c                HAL_Delay
 .text.__NVIC_SetPriorityGrouping
                0x00000000080012d0       0x48 Drivers/STM32F4xx_HAL_Driver/Src/stm32f4xx_hal_cortex.o
 .text.__NVIC_GetPriorityGrouping
                0x0000000008001318       0x1c Drivers/STM32F4xx_HAL_Driver/Src/stm32f4xx_hal_cortex.o
 .text.__NVIC_SetPriority
                0x0000000008001334       0x54 Drivers/STM32F4xx_HAL_Driver/Src/stm32f4xx_hal_cortex.o
 .text.NVIC_EncodePriority
                0x0000000008001388       0x66 Drivers/STM32F4xx_HAL_Driver/Src/stm32f4xx_hal_cortex.o
 *fill*         0x00000000080013ee        0x2 
 .text.SysTick_Config
                0x00000000080013f0       0x44 Drivers/STM32F4xx_HAL_Driver/Src/stm32f4xx_hal_cortex.o
 .text.HAL_NVIC_SetPriorityGrouping
                0x0000000008001434       0x16 Drivers/STM32F4xx_HAL_Driver/Src/stm32f4xx_hal_cortex.o
                0x0000000008001434                HAL_NVIC_SetPriorityGrouping
 .text.HAL_NVIC_SetPriority
                0x000000000800144a       0x38 Drivers/STM32F4xx_HAL_Driver/Src/stm32f4xx_hal_cortex.o
                0x000000000800144a                HAL_NVIC_SetPriority
 .text.HAL_SYSTICK_Config
                0x0000000008001482       0x18 Drivers/STM32F4xx_HAL_Driver/Src/stm32f4xx_hal_cortex.o
                0x0000000008001482                HAL_SYSTICK_Config
 *fill*         0x000000000800149a        0x2 
 .text.HAL_ETH_Init
                0x000000000800149c      0x33c Drivers/STM32F4xx_HAL_Driver/Src/stm32f4xx_hal_eth.o
                0x000000000800149c                HAL_ETH_Init
 .text.HAL_ETH_ReadPHYRegister
                0x00000000080017d8       0xd0 Drivers/STM32F4xx_HAL_Driver/Src/stm32f4xx_hal_eth.o
                0x00000000080017d8                HAL_ETH_ReadPHYRegister
 .text.HAL_ETH_WritePHYRegister
                0x00000000080018a8       0xcc Drivers/STM32F4xx_HAL_Driver/Src/stm32f4xx_hal_eth.o
                0x00000000080018a8                HAL_ETH_WritePHYRegister
 .text.ETH_MACDMAConfig
                0x0000000008001974      0x394 Drivers/STM32F4xx_HAL_Driver/Src/stm32f4xx_hal_eth.o
 .text.ETH_MACAddressConfig
                0x0000000008001d08       0x70 Drivers/STM32F4xx_HAL_Driver/Src/stm32f4xx_hal_eth.o
 .text.HAL_GPIO_Init
                0x0000000008001d78      0x354 Drivers/STM32F4xx_HAL_Driver/Src/stm32f4xx_hal_gpio.o
                0x0000000008001d78                HAL_GPIO_Init
 .text.HAL_GPIO_WritePin
                0x00000000080020cc       0x32 Drivers/STM32F4xx_HAL_Driver/Src/stm32f4xx_hal_gpio.o
                0x00000000080020cc                HAL_GPIO_WritePin
 .text.HAL_GPIO_TogglePin
                0x00000000080020fe       0x36 Drivers/STM32F4xx_HAL_Driver/Src/stm32f4xx_hal_gpio.o
                0x00000000080020fe                HAL_GPIO_TogglePin
 .text.HAL_PCD_Init
                0x0000000008002134      0x23a Drivers/STM32F4xx_HAL_Driver/Src/stm32f4xx_hal_pcd.o
                0x0000000008002134                HAL_PCD_Init
 *fill*         0x000000000800236e        0x2 
 .text.HAL_RCC_OscConfig
                0x0000000008002370      0x4e0 Drivers/STM32F4xx_HAL_Driver/Src/stm32f4xx_hal_rcc.o
                0x0000000008002370                HAL_RCC_OscConfig
 .text.HAL_RCC_ClockConfig
                0x0000000008002850      0x1cc Drivers/STM32F4xx_HAL_Driver/Src/stm32f4xx_hal_rcc.o
                0x0000000008002850                HAL_RCC_ClockConfig
 .text.HAL_RCC_GetSysClockFreq
                0x0000000008002a1c      0x1b0 Drivers/STM32F4xx_HAL_Driver/Src/stm32f4xx_hal_rcc.o
                0x0000000008002a1c                HAL_RCC_GetSysClockFreq
 .text.HAL_RCC_GetHCLKFreq
                0x0000000008002bcc       0x18 Drivers/STM32F4xx_HAL_Driver/Src/stm32f4xx_hal_rcc.o
                0x0000000008002bcc                HAL_RCC_GetHCLKFreq
 .text.HAL_RCC_GetPCLK1Freq
                0x0000000008002be4       0x28 Drivers/STM32F4xx_HAL_Driver/Src/stm32f4xx_hal_rcc.o
                0x0000000008002be4                HAL_RCC_GetPCLK1Freq
 .text.HAL_RCC_GetPCLK2Freq
                0x0000000008002c0c       0x28 Drivers/STM32F4xx_HAL_Driver/Src/stm32f4xx_hal_rcc.o
                0x0000000008002c0c                HAL_RCC_GetPCLK2Freq
 .text.HAL_TIM_Base_Init
                0x0000000008002c34       0x56 Drivers/STM32F4xx_HAL_Driver/Src/stm32f4xx_hal_tim.o
                0x0000000008002c34                HAL_TIM_Base_Init
 .text.HAL_TIM_Base_Start
                0x0000000008002c8a       0x48 Drivers/STM32F4xx_HAL_Driver/Src/stm32f4xx_hal_tim.o
                0x0000000008002c8a                HAL_TIM_Base_Start
 .text.HAL_TIM_ConfigClockSource
                0x0000000008002cd2      0x16e Drivers/STM32F4xx_HAL_Driver/Src/stm32f4xx_hal_tim.o
                0x0000000008002cd2                HAL_TIM_ConfigClockSource
 .text.TIM_Base_SetConfig
                0x0000000008002e40      0x140 Drivers/STM32F4xx_HAL_Driver/Src/stm32f4xx_hal_tim.o
                0x0000000008002e40                TIM_Base_SetConfig
 .text.TIM_TI1_ConfigInputStage
                0x0000000008002f80       0x5e Drivers/STM32F4xx_HAL_Driver/Src/stm32f4xx_hal_tim.o
 .text.TIM_TI2_ConfigInputStage
                0x0000000008002fde       0x60 Drivers/STM32F4xx_HAL_Driver/Src/stm32f4xx_hal_tim.o
 .text.TIM_ITRx_SetConfig
                0x000000000800303e       0x36 Drivers/STM32F4xx_HAL_Driver/Src/stm32f4xx_hal_tim.o
 .text.TIM_ETR_SetConfig
                0x0000000008003074       0x40 Drivers/STM32F4xx_HAL_Driver/Src/stm32f4xx_hal_tim.o
                0x0000000008003074                TIM_ETR_SetConfig
 .text.HAL_TIMEx_MasterConfigSynchronization
                0x00000000080030b4       0xf8 Drivers/STM32F4xx_HAL_Driver/Src/stm32f4xx_hal_tim_ex.o
                0x00000000080030b4                HAL_TIMEx_MasterConfigSynchronization
 .text.HAL_UART_Init
                0x00000000080031ac       0x9a Drivers/STM32F4xx_HAL_Driver/Src/stm32f4xx_hal_uart.o
                0x00000000080031ac                HAL_UART_Init
 *fill*         0x0000000008003246        0x2 
 .text.UART_SetConfig
                0x0000000008003248      0x6f8 Drivers/STM32F4xx_HAL_Driver/Src/stm32f4xx_hal_uart.o
 .text.USB_CoreInit
                0x0000000008003940       0xc2 Drivers/STM32F4xx_HAL_Driver/Src/stm32f4xx_ll_usb.o
                0x0000000008003940                USB_CoreInit
 .text.USB_DisableGlobalInt
                0x0000000008003a02       0x22 Drivers/STM32F4xx_HAL_Driver/Src/stm32f4xx_ll_usb.o
                0x0000000008003a02                USB_DisableGlobalInt
 .text.USB_SetCurrentMode
                0x0000000008003a24       0x54 Drivers/STM32F4xx_HAL_Driver/Src/stm32f4xx_ll_usb.o
                0x0000000008003a24                USB_SetCurrentMode
 .text.USB_DevInit
                0x0000000008003a78      0x2e4 Drivers/STM32F4xx_HAL_Driver/Src/stm32f4xx_ll_usb.o
                0x0000000008003a78                USB_DevInit
 .text.USB_FlushTxFifo
                0x0000000008003d5c       0x4c Drivers/STM32F4xx_HAL_Driver/Src/stm32f4xx_ll_usb.o
                0x0000000008003d5c                USB_FlushTxFifo
 .text.USB_FlushRxFifo
                0x0000000008003da8       0x44 Drivers/STM32F4xx_HAL_Driver/Src/stm32f4xx_ll_usb.o
                0x0000000008003da8                USB_FlushRxFifo
 .text.USB_SetDevSpeed
                0x0000000008003dec       0x32 Drivers/STM32F4xx_HAL_Driver/Src/stm32f4xx_ll_usb.o
                0x0000000008003dec                USB_SetDevSpeed
 .text.USB_DevDisconnect
                0x0000000008003e1e       0x30 Drivers/STM32F4xx_HAL_Driver/Src/stm32f4xx_ll_usb.o
                0x0000000008003e1e                USB_DevDisconnect
 *fill*         0x0000000008003e4e        0x2 
 .text.USB_CoreReset
                0x0000000008003e50       0x68 Drivers/STM32F4xx_HAL_Driver/Src/stm32f4xx_ll_usb.o
 .text.__libc_init_array
                0x0000000008003eb8       0x48 c:/st/stm32cubeide_1.1.0/stm32cubeide/plugins/com.st.stm32cube.ide.mcu.externaltools.gnu-tools-for-stm32.7-2018-q2-update.win32_1.0.0.201904181610/tools/bin/../lib/gcc/arm-none-eabi/7.3.1/../../../../arm-none-eabi/lib/thumb/v7e-m/fpv4-sp/hard\libc_nano.a(lib_a-init.o)
                0x0000000008003eb8                __libc_init_array
 .text.memset   0x0000000008003f00       0x10 c:/st/stm32cubeide_1.1.0/stm32cubeide/plugins/com.st.stm32cube.ide.mcu.externaltools.gnu-tools-for-stm32.7-2018-q2-update.win32_1.0.0.201904181610/tools/bin/../lib/gcc/arm-none-eabi/7.3.1/../../../../arm-none-eabi/lib/thumb/v7e-m/fpv4-sp/hard\libc_nano.a(lib_a-memset.o)
                0x0000000008003f00                memset
 *(.glue_7)
 .glue_7        0x0000000008003f10        0x0 linker stubs
 *(.glue_7t)
 .glue_7t       0x0000000008003f10        0x0 linker stubs
 *(.eh_frame)
 .eh_frame      0x0000000008003f10        0x0 c:/st/stm32cubeide_1.1.0/stm32cubeide/plugins/com.st.stm32cube.ide.mcu.externaltools.gnu-tools-for-stm32.7-2018-q2-update.win32_1.0.0.201904181610/tools/bin/../lib/gcc/arm-none-eabi/7.3.1/thumb/v7e-m/fpv4-sp/hard/crtbegin.o
 *(.init)
 .init          0x0000000008003f10        0x4 c:/st/stm32cubeide_1.1.0/stm32cubeide/plugins/com.st.stm32cube.ide.mcu.externaltools.gnu-tools-for-stm32.7-2018-q2-update.win32_1.0.0.201904181610/tools/bin/../lib/gcc/arm-none-eabi/7.3.1/thumb/v7e-m/fpv4-sp/hard/crti.o
                0x0000000008003f10                _init
 .init          0x0000000008003f14        0x8 c:/st/stm32cubeide_1.1.0/stm32cubeide/plugins/com.st.stm32cube.ide.mcu.externaltools.gnu-tools-for-stm32.7-2018-q2-update.win32_1.0.0.201904181610/tools/bin/../lib/gcc/arm-none-eabi/7.3.1/thumb/v7e-m/fpv4-sp/hard/crtn.o
 *(.fini)
 .fini          0x0000000008003f1c        0x4 c:/st/stm32cubeide_1.1.0/stm32cubeide/plugins/com.st.stm32cube.ide.mcu.externaltools.gnu-tools-for-stm32.7-2018-q2-update.win32_1.0.0.201904181610/tools/bin/../lib/gcc/arm-none-eabi/7.3.1/thumb/v7e-m/fpv4-sp/hard/crti.o
                0x0000000008003f1c                _fini
 .fini          0x0000000008003f20        0x8 c:/st/stm32cubeide_1.1.0/stm32cubeide/plugins/com.st.stm32cube.ide.mcu.externaltools.gnu-tools-for-stm32.7-2018-q2-update.win32_1.0.0.201904181610/tools/bin/../lib/gcc/arm-none-eabi/7.3.1/thumb/v7e-m/fpv4-sp/hard/crtn.o
                0x0000000008003f28                . = ALIGN (0x4)
                0x0000000008003f28                _etext = .

.vfp11_veneer   0x0000000008003f28        0x0
 .vfp11_veneer  0x0000000008003f28        0x0 linker stubs

.v4_bx          0x0000000008003f28        0x0
 .v4_bx         0x0000000008003f28        0x0 linker stubs

.iplt           0x0000000008003f28        0x0
 .iplt          0x0000000008003f28        0x0 c:/st/stm32cubeide_1.1.0/stm32cubeide/plugins/com.st.stm32cube.ide.mcu.externaltools.gnu-tools-for-stm32.7-2018-q2-update.win32_1.0.0.201904181610/tools/bin/../lib/gcc/arm-none-eabi/7.3.1/thumb/v7e-m/fpv4-sp/hard/crtbegin.o

.rodata         0x0000000008003f28       0x18
                0x0000000008003f28                . = ALIGN (0x4)
 *(.rodata)
 *(.rodata*)
 .rodata.AHBPrescTable
                0x0000000008003f28       0x10 Core/Src/system_stm32f4xx.o
                0x0000000008003f28                AHBPrescTable
 .rodata.APBPrescTable
                0x0000000008003f38        0x8 Core/Src/system_stm32f4xx.o
                0x0000000008003f38                APBPrescTable
                0x0000000008003f40                . = ALIGN (0x4)

.ARM.extab      0x0000000008003f40        0x0
                0x0000000008003f40                . = ALIGN (0x4)
 *(.ARM.extab* .gnu.linkonce.armextab.*)
                0x0000000008003f40                . = ALIGN (0x4)

.ARM            0x0000000008003f40        0x8
                0x0000000008003f40                . = ALIGN (0x4)
                0x0000000008003f40                __exidx_start = .
 *(.ARM.exidx*)
 .ARM.exidx     0x0000000008003f40        0x8 c:/st/stm32cubeide_1.1.0/stm32cubeide/plugins/com.st.stm32cube.ide.mcu.externaltools.gnu-tools-for-stm32.7-2018-q2-update.win32_1.0.0.201904181610/tools/bin/../lib/gcc/arm-none-eabi/7.3.1/thumb/v7e-m/fpv4-sp/hard\libgcc.a(_udivmoddi4.o)
                0x0000000008003f48                __exidx_end = .
                0x0000000008003f48                . = ALIGN (0x4)

.rel.dyn        0x0000000008003f48        0x0
 .rel.iplt      0x0000000008003f48        0x0 c:/st/stm32cubeide_1.1.0/stm32cubeide/plugins/com.st.stm32cube.ide.mcu.externaltools.gnu-tools-for-stm32.7-2018-q2-update.win32_1.0.0.201904181610/tools/bin/../lib/gcc/arm-none-eabi/7.3.1/thumb/v7e-m/fpv4-sp/hard/crtbegin.o

.preinit_array  0x0000000008003f48        0x0
                0x0000000008003f48                . = ALIGN (0x4)
                0x0000000008003f48                PROVIDE (__preinit_array_start = .)
 *(.preinit_array*)
                0x0000000008003f48                PROVIDE (__preinit_array_end = .)
                0x0000000008003f48                . = ALIGN (0x4)

.init_array     0x0000000008003f48        0x4
                0x0000000008003f48                . = ALIGN (0x4)
                0x0000000008003f48                PROVIDE (__init_array_start = .)
 *(SORT_BY_NAME(.init_array.*))
 *(.init_array*)
 .init_array    0x0000000008003f48        0x4 c:/st/stm32cubeide_1.1.0/stm32cubeide/plugins/com.st.stm32cube.ide.mcu.externaltools.gnu-tools-for-stm32.7-2018-q2-update.win32_1.0.0.201904181610/tools/bin/../lib/gcc/arm-none-eabi/7.3.1/thumb/v7e-m/fpv4-sp/hard/crtbegin.o
                0x0000000008003f4c                PROVIDE (__init_array_end = .)
                0x0000000008003f4c                . = ALIGN (0x4)

.fini_array     0x0000000008003f4c        0x4
                0x0000000008003f4c                . = ALIGN (0x4)
                [!provide]                        PROVIDE (__fini_array_start = .)
 *(SORT_BY_NAME(.fini_array.*))
 *(.fini_array*)
 .fini_array    0x0000000008003f4c        0x4 c:/st/stm32cubeide_1.1.0/stm32cubeide/plugins/com.st.stm32cube.ide.mcu.externaltools.gnu-tools-for-stm32.7-2018-q2-update.win32_1.0.0.201904181610/tools/bin/../lib/gcc/arm-none-eabi/7.3.1/thumb/v7e-m/fpv4-sp/hard/crtbegin.o
                [!provide]                        PROVIDE (__fini_array_end = .)
                0x0000000008003f50                . = ALIGN (0x4)
                0x0000000008003f50                _sidata = LOADADDR (.data)

.data           0x0000000020000000        0xc load address 0x0000000008003f50
                0x0000000020000000                . = ALIGN (0x4)
                0x0000000020000000                _sdata = .
 *(.data)
 *(.data*)
 .data.SystemCoreClock
                0x0000000020000000        0x4 Core/Src/system_stm32f4xx.o
                0x0000000020000000                SystemCoreClock
 .data.uwTickPrio
                0x0000000020000004        0x4 Drivers/STM32F4xx_HAL_Driver/Src/stm32f4xx_hal.o
                0x0000000020000004                uwTickPrio
 .data.uwTickFreq
                0x0000000020000008        0x1 Drivers/STM32F4xx_HAL_Driver/Src/stm32f4xx_hal.o
                0x0000000020000008                uwTickFreq
                0x000000002000000c                . = ALIGN (0x4)
 *fill*         0x0000000020000009        0x3 
                0x000000002000000c                _edata = .

.igot.plt       0x000000002000000c        0x0 load address 0x0000000008003f5c
 .igot.plt      0x000000002000000c        0x0 c:/st/stm32cubeide_1.1.0/stm32cubeide/plugins/com.st.stm32cube.ide.mcu.externaltools.gnu-tools-for-stm32.7-2018-q2-update.win32_1.0.0.201904181610/tools/bin/../lib/gcc/arm-none-eabi/7.3.1/thumb/v7e-m/fpv4-sp/hard/crtbegin.o
                0x000000002000000c                . = ALIGN (0x4)

.bss            0x000000002000000c      0xd30 load address 0x0000000008003f5c
                0x000000002000000c                _sbss = .
                0x000000002000000c                __bss_start__ = _sbss
 *(.bss)
 .bss           0x000000002000000c       0x1c c:/st/stm32cubeide_1.1.0/stm32cubeide/plugins/com.st.stm32cube.ide.mcu.externaltools.gnu-tools-for-stm32.7-2018-q2-update.win32_1.0.0.201904181610/tools/bin/../lib/gcc/arm-none-eabi/7.3.1/thumb/v7e-m/fpv4-sp/hard/crtbegin.o
 *(.bss*)
 *(COMMON)
 COMMON         0x0000000020000028      0x800 Core/Src/MVCD_ST7920lib.o
                0x0000000020000028                prv_val
 COMMON         0x0000000020000828       0x48 Core/Src/eth.o
                0x0000000020000828                heth
 COMMON         0x0000000020000870       0x80 Core/Src/tim.o
                0x0000000020000870                htim3
                0x00000000200008b0                htim2
 COMMON         0x00000000200008f0       0x40 Core/Src/usart.o
                0x00000000200008f0                huart3
 COMMON         0x0000000020000930      0x408 Core/Src/usb_otg.o
                0x0000000020000930                hpcd_USB_OTG_FS
 COMMON         0x0000000020000d38        0x4 Drivers/STM32F4xx_HAL_Driver/Src/stm32f4xx_hal.o
                0x0000000020000d38                uwTick
                0x0000000020000d3c                . = ALIGN (0x4)
                0x0000000020000d3c                _ebss = .
                0x0000000020000d3c                __bss_end__ = _ebss

._user_heap_stack
                0x0000000020000d3c      0x604 load address 0x0000000008003f5c
                0x0000000020000d40                . = ALIGN (0x8)
 *fill*         0x0000000020000d3c        0x4 
                0x0000000020000d40                PROVIDE (end = .)
                [!provide]                        PROVIDE (_end = .)
                0x0000000020000f40                . = (. + _Min_Heap_Size)
 *fill*         0x0000000020000d40      0x200 
                0x0000000020001340                . = (. + _Min_Stack_Size)
 *fill*         0x0000000020000f40      0x400 
                0x0000000020001340                . = ALIGN (0x8)

/DISCARD/
 libc.a(*)
 libm.a(*)
 libgcc.a(*)

.ARM.attributes
                0x0000000000000000       0x30
 *(.ARM.attributes)
 .ARM.attributes
                0x0000000000000000       0x22 c:/st/stm32cubeide_1.1.0/stm32cubeide/plugins/com.st.stm32cube.ide.mcu.externaltools.gnu-tools-for-stm32.7-2018-q2-update.win32_1.0.0.201904181610/tools/bin/../lib/gcc/arm-none-eabi/7.3.1/thumb/v7e-m/fpv4-sp/hard/crti.o
 .ARM.attributes
                0x0000000000000022       0x34 c:/st/stm32cubeide_1.1.0/stm32cubeide/plugins/com.st.stm32cube.ide.mcu.externaltools.gnu-tools-for-stm32.7-2018-q2-update.win32_1.0.0.201904181610/tools/bin/../lib/gcc/arm-none-eabi/7.3.1/thumb/v7e-m/fpv4-sp/hard/crtbegin.o
 .ARM.attributes
                0x0000000000000056       0x39 Core/Src/MVCD_ST7920lib.o
 .ARM.attributes
                0x000000000000008f       0x39 Core/Src/eth.o
 .ARM.attributes
                0x00000000000000c8       0x39 Core/Src/gpio.o
 .ARM.attributes
                0x0000000000000101       0x39 Core/Src/main.o
 .ARM.attributes
                0x000000000000013a       0x39 Core/Src/stm32f4xx_hal_msp.o
 .ARM.attributes
                0x0000000000000173       0x39 Core/Src/stm32f4xx_it.o
 .ARM.attributes
                0x00000000000001ac       0x39 Core/Src/system_stm32f4xx.o
 .ARM.attributes
                0x00000000000001e5       0x39 Core/Src/tim.o
 .ARM.attributes
                0x000000000000021e       0x39 Core/Src/usart.o
 .ARM.attributes
                0x0000000000000257       0x39 Core/Src/usb_otg.o
 .ARM.attributes
                0x0000000000000290       0x21 Core/Startup/startup_stm32f429zitx.o
 .ARM.attributes
                0x00000000000002b1       0x39 Drivers/STM32F4xx_HAL_Driver/Src/stm32f4xx_hal.o
 .ARM.attributes
                0x00000000000002ea       0x39 Drivers/STM32F4xx_HAL_Driver/Src/stm32f4xx_hal_cortex.o
 .ARM.attributes
                0x0000000000000323       0x39 Drivers/STM32F4xx_HAL_Driver/Src/stm32f4xx_hal_eth.o
 .ARM.attributes
                0x000000000000035c       0x39 Drivers/STM32F4xx_HAL_Driver/Src/stm32f4xx_hal_gpio.o
 .ARM.attributes
                0x0000000000000395       0x39 Drivers/STM32F4xx_HAL_Driver/Src/stm32f4xx_hal_pcd.o
 .ARM.attributes
                0x00000000000003ce       0x39 Drivers/STM32F4xx_HAL_Driver/Src/stm32f4xx_hal_rcc.o
 .ARM.attributes
                0x0000000000000407       0x39 Drivers/STM32F4xx_HAL_Driver/Src/stm32f4xx_hal_tim.o
 .ARM.attributes
                0x0000000000000440       0x39 Drivers/STM32F4xx_HAL_Driver/Src/stm32f4xx_hal_tim_ex.o
 .ARM.attributes
                0x0000000000000479       0x39 Drivers/STM32F4xx_HAL_Driver/Src/stm32f4xx_hal_uart.o
 .ARM.attributes
                0x00000000000004b2       0x39 Drivers/STM32F4xx_HAL_Driver/Src/stm32f4xx_ll_usb.o
 .ARM.attributes
                0x00000000000004eb       0x34 c:/st/stm32cubeide_1.1.0/stm32cubeide/plugins/com.st.stm32cube.ide.mcu.externaltools.gnu-tools-for-stm32.7-2018-q2-update.win32_1.0.0.201904181610/tools/bin/../lib/gcc/arm-none-eabi/7.3.1/../../../../arm-none-eabi/lib/thumb/v7e-m/fpv4-sp/hard\libc_nano.a(lib_a-init.o)
 .ARM.attributes
                0x000000000000051f       0x34 c:/st/stm32cubeide_1.1.0/stm32cubeide/plugins/com.st.stm32cube.ide.mcu.externaltools.gnu-tools-for-stm32.7-2018-q2-update.win32_1.0.0.201904181610/tools/bin/../lib/gcc/arm-none-eabi/7.3.1/../../../../arm-none-eabi/lib/thumb/v7e-m/fpv4-sp/hard\libc_nano.a(lib_a-memset.o)
 .ARM.attributes
                0x0000000000000553       0x22 c:/st/stm32cubeide_1.1.0/stm32cubeide/plugins/com.st.stm32cube.ide.mcu.externaltools.gnu-tools-for-stm32.7-2018-q2-update.win32_1.0.0.201904181610/tools/bin/../lib/gcc/arm-none-eabi/7.3.1/thumb/v7e-m/fpv4-sp/hard\libgcc.a(_aeabi_uldivmod.o)
 .ARM.attributes
                0x0000000000000575       0x34 c:/st/stm32cubeide_1.1.0/stm32cubeide/plugins/com.st.stm32cube.ide.mcu.externaltools.gnu-tools-for-stm32.7-2018-q2-update.win32_1.0.0.201904181610/tools/bin/../lib/gcc/arm-none-eabi/7.3.1/thumb/v7e-m/fpv4-sp/hard\libgcc.a(_udivmoddi4.o)
 .ARM.attributes
                0x00000000000005a9       0x22 c:/st/stm32cubeide_1.1.0/stm32cubeide/plugins/com.st.stm32cube.ide.mcu.externaltools.gnu-tools-for-stm32.7-2018-q2-update.win32_1.0.0.201904181610/tools/bin/../lib/gcc/arm-none-eabi/7.3.1/thumb/v7e-m/fpv4-sp/hard\libgcc.a(_dvmd_tls.o)
 .ARM.attributes
                0x00000000000005cb       0x22 c:/st/stm32cubeide_1.1.0/stm32cubeide/plugins/com.st.stm32cube.ide.mcu.externaltools.gnu-tools-for-stm32.7-2018-q2-update.win32_1.0.0.201904181610/tools/bin/../lib/gcc/arm-none-eabi/7.3.1/thumb/v7e-m/fpv4-sp/hard/crtn.o
OUTPUT(MVLogic.elf elf32-littlearm)

.debug_info     0x0000000000000000    0x10a6f
 .debug_info    0x0000000000000000      0x934 Core/Src/MVCD_ST7920lib.o
 .debug_info    0x0000000000000934      0xc26 Core/Src/eth.o
 .debug_info    0x000000000000155a      0x552 Core/Src/gpio.o
 .debug_info    0x0000000000001aac     0x1843 Core/Src/main.o
 .debug_info    0x00000000000032ef      0x37c Core/Src/stm32f4xx_hal_msp.o
 .debug_info    0x000000000000366b      0x20a Core/Src/stm32f4xx_it.o
 .debug_info    0x0000000000003875      0x56e Core/Src/system_stm32f4xx.o
 .debug_info    0x0000000000003de3      0x9a3 Core/Src/tim.o
 .debug_info    0x0000000000004786      0x964 Core/Src/usart.o
 .debug_info    0x00000000000050ea      0x95e Core/Src/usb_otg.o
 .debug_info    0x0000000000005a48       0x22 Core/Startup/startup_stm32f429zitx.o
 .debug_info    0x0000000000005a6a      0x9b9 Drivers/STM32F4xx_HAL_Driver/Src/stm32f4xx_hal.o
 .debug_info    0x0000000000006423      0xe5e Drivers/STM32F4xx_HAL_Driver/Src/stm32f4xx_hal_cortex.o
 .debug_info    0x0000000000007281     0x14c4 Drivers/STM32F4xx_HAL_Driver/Src/stm32f4xx_hal_eth.o
 .debug_info    0x0000000000008745      0x7cf Drivers/STM32F4xx_HAL_Driver/Src/stm32f4xx_hal_gpio.o
 .debug_info    0x0000000000008f14     0x1114 Drivers/STM32F4xx_HAL_Driver/Src/stm32f4xx_hal_pcd.o
 .debug_info    0x000000000000a028      0x91e Drivers/STM32F4xx_HAL_Driver/Src/stm32f4xx_hal_rcc.o
 .debug_info    0x000000000000a946     0x24a9 Drivers/STM32F4xx_HAL_Driver/Src/stm32f4xx_hal_tim.o
 .debug_info    0x000000000000cdef     0x1157 Drivers/STM32F4xx_HAL_Driver/Src/stm32f4xx_hal_tim_ex.o
 .debug_info    0x000000000000df46     0x124c Drivers/STM32F4xx_HAL_Driver/Src/stm32f4xx_hal_uart.o
 .debug_info    0x000000000000f192     0x18dd Drivers/STM32F4xx_HAL_Driver/Src/stm32f4xx_ll_usb.o

.debug_abbrev   0x0000000000000000     0x2566
 .debug_abbrev  0x0000000000000000      0x1e4 Core/Src/MVCD_ST7920lib.o
 .debug_abbrev  0x00000000000001e4      0x1a9 Core/Src/eth.o
 .debug_abbrev  0x000000000000038d      0x134 Core/Src/gpio.o
 .debug_abbrev  0x00000000000004c1      0x229 Core/Src/main.o
 .debug_abbrev  0x00000000000006ea      0x109 Core/Src/stm32f4xx_hal_msp.o
 .debug_abbrev  0x00000000000007f3       0xc6 Core/Src/stm32f4xx_it.o
 .debug_abbrev  0x00000000000008b9      0x12b Core/Src/system_stm32f4xx.o
 .debug_abbrev  0x00000000000009e4      0x1b5 Core/Src/tim.o
 .debug_abbrev  0x0000000000000b99      0x199 Core/Src/usart.o
 .debug_abbrev  0x0000000000000d32      0x1b2 Core/Src/usb_otg.o
 .debug_abbrev  0x0000000000000ee4       0x12 Core/Startup/startup_stm32f429zitx.o
 .debug_abbrev  0x0000000000000ef6      0x1c7 Drivers/STM32F4xx_HAL_Driver/Src/stm32f4xx_hal.o
 .debug_abbrev  0x00000000000010bd      0x2fa Drivers/STM32F4xx_HAL_Driver/Src/stm32f4xx_hal_cortex.o
 .debug_abbrev  0x00000000000013b7      0x23e Drivers/STM32F4xx_HAL_Driver/Src/stm32f4xx_hal_eth.o
 .debug_abbrev  0x00000000000015f5      0x1c9 Drivers/STM32F4xx_HAL_Driver/Src/stm32f4xx_hal_gpio.o
 .debug_abbrev  0x00000000000017be      0x266 Drivers/STM32F4xx_HAL_Driver/Src/stm32f4xx_hal_pcd.o
 .debug_abbrev  0x0000000000001a24      0x245 Drivers/STM32F4xx_HAL_Driver/Src/stm32f4xx_hal_rcc.o
 .debug_abbrev  0x0000000000001c69      0x230 Drivers/STM32F4xx_HAL_Driver/Src/stm32f4xx_hal_tim.o
 .debug_abbrev  0x0000000000001e99      0x21e Drivers/STM32F4xx_HAL_Driver/Src/stm32f4xx_hal_tim_ex.o
 .debug_abbrev  0x00000000000020b7      0x242 Drivers/STM32F4xx_HAL_Driver/Src/stm32f4xx_hal_uart.o
 .debug_abbrev  0x00000000000022f9      0x26d Drivers/STM32F4xx_HAL_Driver/Src/stm32f4xx_ll_usb.o

.debug_aranges  0x0000000000000000      0xff0
 .debug_aranges
                0x0000000000000000       0x60 Core/Src/MVCD_ST7920lib.o
 .debug_aranges
                0x0000000000000060       0x30 Core/Src/eth.o
 .debug_aranges
                0x0000000000000090       0x20 Core/Src/gpio.o
 .debug_aranges
                0x00000000000000b0       0x38 Core/Src/main.o
 .debug_aranges
                0x00000000000000e8       0x20 Core/Src/stm32f4xx_hal_msp.o
 .debug_aranges
                0x0000000000000108       0x60 Core/Src/stm32f4xx_it.o
 .debug_aranges
                0x0000000000000168       0x28 Core/Src/system_stm32f4xx.o
 .debug_aranges
                0x0000000000000190       0x38 Core/Src/tim.o
 .debug_aranges
                0x00000000000001c8       0x30 Core/Src/usart.o
 .debug_aranges
                0x00000000000001f8       0x30 Core/Src/usb_otg.o
 .debug_aranges
                0x0000000000000228       0x28 Core/Startup/startup_stm32f429zitx.o
 .debug_aranges
                0x0000000000000250      0x100 Drivers/STM32F4xx_HAL_Driver/Src/stm32f4xx_hal.o
 .debug_aranges
                0x0000000000000350      0x118 Drivers/STM32F4xx_HAL_Driver/Src/stm32f4xx_hal_cortex.o
 .debug_aranges
                0x0000000000000468      0x118 Drivers/STM32F4xx_HAL_Driver/Src/stm32f4xx_hal_eth.o
 .debug_aranges
                0x0000000000000580       0x58 Drivers/STM32F4xx_HAL_Driver/Src/stm32f4xx_hal_gpio.o
 .debug_aranges
                0x00000000000005d8      0x130 Drivers/STM32F4xx_HAL_Driver/Src/stm32f4xx_hal_pcd.o
 .debug_aranges
                0x0000000000000708       0x88 Drivers/STM32F4xx_HAL_Driver/Src/stm32f4xx_hal_rcc.o
 .debug_aranges
                0x0000000000000790      0x3a8 Drivers/STM32F4xx_HAL_Driver/Src/stm32f4xx_hal_tim.o
 .debug_aranges
                0x0000000000000b38      0x150 Drivers/STM32F4xx_HAL_Driver/Src/stm32f4xx_hal_tim_ex.o
 .debug_aranges
                0x0000000000000c88      0x1d0 Drivers/STM32F4xx_HAL_Driver/Src/stm32f4xx_hal_uart.o
 .debug_aranges
                0x0000000000000e58      0x198 Drivers/STM32F4xx_HAL_Driver/Src/stm32f4xx_ll_usb.o

.debug_ranges   0x0000000000000000      0xea8
 .debug_ranges  0x0000000000000000       0x50 Core/Src/MVCD_ST7920lib.o
 .debug_ranges  0x0000000000000050       0x20 Core/Src/eth.o
 .debug_ranges  0x0000000000000070       0x10 Core/Src/gpio.o
 .debug_ranges  0x0000000000000080       0x28 Core/Src/main.o
 .debug_ranges  0x00000000000000a8       0x10 Core/Src/stm32f4xx_hal_msp.o
 .debug_ranges  0x00000000000000b8       0x50 Core/Src/stm32f4xx_it.o
 .debug_ranges  0x0000000000000108       0x18 Core/Src/system_stm32f4xx.o
 .debug_ranges  0x0000000000000120       0x28 Core/Src/tim.o
 .debug_ranges  0x0000000000000148       0x20 Core/Src/usart.o
 .debug_ranges  0x0000000000000168       0x20 Core/Src/usb_otg.o
 .debug_ranges  0x0000000000000188       0x20 Core/Startup/startup_stm32f429zitx.o
 .debug_ranges  0x00000000000001a8       0xf0 Drivers/STM32F4xx_HAL_Driver/Src/stm32f4xx_hal.o
 .debug_ranges  0x0000000000000298      0x108 Drivers/STM32F4xx_HAL_Driver/Src/stm32f4xx_hal_cortex.o
 .debug_ranges  0x00000000000003a0      0x108 Drivers/STM32F4xx_HAL_Driver/Src/stm32f4xx_hal_eth.o
 .debug_ranges  0x00000000000004a8       0x48 Drivers/STM32F4xx_HAL_Driver/Src/stm32f4xx_hal_gpio.o
 .debug_ranges  0x00000000000004f0      0x120 Drivers/STM32F4xx_HAL_Driver/Src/stm32f4xx_hal_pcd.o
 .debug_ranges  0x0000000000000610       0x78 Drivers/STM32F4xx_HAL_Driver/Src/stm32f4xx_hal_rcc.o
 .debug_ranges  0x0000000000000688      0x398 Drivers/STM32F4xx_HAL_Driver/Src/stm32f4xx_hal_tim.o
 .debug_ranges  0x0000000000000a20      0x140 Drivers/STM32F4xx_HAL_Driver/Src/stm32f4xx_hal_tim_ex.o
 .debug_ranges  0x0000000000000b60      0x1c0 Drivers/STM32F4xx_HAL_Driver/Src/stm32f4xx_hal_uart.o
 .debug_ranges  0x0000000000000d20      0x188 Drivers/STM32F4xx_HAL_Driver/Src/stm32f4xx_ll_usb.o

.debug_macro    0x0000000000000000    0x24c22
 .debug_macro   0x0000000000000000      0x248 Core/Src/MVCD_ST7920lib.o
 .debug_macro   0x0000000000000248      0xa5a Core/Src/MVCD_ST7920lib.o
 .debug_macro   0x0000000000000ca2      0x1a4 Core/Src/MVCD_ST7920lib.o
 .debug_macro   0x0000000000000e46       0x32 Core/Src/MVCD_ST7920lib.o
 .debug_macro   0x0000000000000e78       0x28 Core/Src/MVCD_ST7920lib.o
 .debug_macro   0x0000000000000ea0       0x22 Core/Src/MVCD_ST7920lib.o
 .debug_macro   0x0000000000000ec2       0x8e Core/Src/MVCD_ST7920lib.o
 .debug_macro   0x0000000000000f50       0x51 Core/Src/MVCD_ST7920lib.o
 .debug_macro   0x0000000000000fa1       0xef Core/Src/MVCD_ST7920lib.o
 .debug_macro   0x0000000000001090       0x6a Core/Src/MVCD_ST7920lib.o
 .debug_macro   0x00000000000010fa      0x1df Core/Src/MVCD_ST7920lib.o
 .debug_macro   0x00000000000012d9       0x1c Core/Src/MVCD_ST7920lib.o
 .debug_macro   0x00000000000012f5       0x22 Core/Src/MVCD_ST7920lib.o
 .debug_macro   0x0000000000001317       0xdf Core/Src/MVCD_ST7920lib.o
 .debug_macro   0x00000000000013f6     0x102d Core/Src/MVCD_ST7920lib.o
 .debug_macro   0x0000000000002423      0x11f Core/Src/MVCD_ST7920lib.o
 .debug_macro   0x0000000000002542    0x17f79 Core/Src/MVCD_ST7920lib.o
 .debug_macro   0x000000000001a4bb       0x43 Core/Src/MVCD_ST7920lib.o
 .debug_macro   0x000000000001a4fe     0x36c2 Core/Src/MVCD_ST7920lib.o
 .debug_macro   0x000000000001dbc0      0x174 Core/Src/MVCD_ST7920lib.o
 .debug_macro   0x000000000001dd34       0x5a Core/Src/MVCD_ST7920lib.o
 .debug_macro   0x000000000001dd8e      0xca5 Core/Src/MVCD_ST7920lib.o
 .debug_macro   0x000000000001ea33      0x9fe Core/Src/MVCD_ST7920lib.o
 .debug_macro   0x000000000001f431      0x182 Core/Src/MVCD_ST7920lib.o
 .debug_macro   0x000000000001f5b3      0x117 Core/Src/MVCD_ST7920lib.o
 .debug_macro   0x000000000001f6ca      0x157 Core/Src/MVCD_ST7920lib.o
 .debug_macro   0x000000000001f821       0x27 Core/Src/MVCD_ST7920lib.o
 .debug_macro   0x000000000001f848      0x287 Core/Src/MVCD_ST7920lib.o
 .debug_macro   0x000000000001facf       0x5f Core/Src/MVCD_ST7920lib.o
 .debug_macro   0x000000000001fb2e      0x236 Core/Src/MVCD_ST7920lib.o
 .debug_macro   0x000000000001fd64      0xccf Core/Src/MVCD_ST7920lib.o
 .debug_macro   0x0000000000020a33      0x132 Core/Src/MVCD_ST7920lib.o
 .debug_macro   0x0000000000020b65      0x41d Core/Src/MVCD_ST7920lib.o
 .debug_macro   0x0000000000020f82       0x2e Core/Src/MVCD_ST7920lib.o
 .debug_macro   0x0000000000020fb0      0x11a Core/Src/MVCD_ST7920lib.o
 .debug_macro   0x00000000000210ca       0xe2 Core/Src/MVCD_ST7920lib.o
 .debug_macro   0x00000000000211ac       0x89 Core/Src/MVCD_ST7920lib.o
 .debug_macro   0x0000000000021235      0x8a0 Core/Src/MVCD_ST7920lib.o
 .debug_macro   0x0000000000021ad5       0x47 Core/Src/MVCD_ST7920lib.o
 .debug_macro   0x0000000000021b1c      0x287 Core/Src/MVCD_ST7920lib.o
 .debug_macro   0x0000000000021da3      0x225 Core/Src/MVCD_ST7920lib.o
 .debug_macro   0x0000000000021fc8       0xe4 Core/Src/MVCD_ST7920lib.o
 .debug_macro   0x00000000000220ac      0x134 Core/Src/MVCD_ST7920lib.o
 .debug_macro   0x00000000000221e0       0x22 Core/Src/MVCD_ST7920lib.o
 .debug_macro   0x0000000000022202      0x136 Core/Src/MVCD_ST7920lib.o
 .debug_macro   0x0000000000022338      0x215 Core/Src/eth.o
 .debug_macro   0x000000000002254d      0x130 Core/Src/eth.o
 .debug_macro   0x000000000002267d      0x215 Core/Src/gpio.o
 .debug_macro   0x0000000000022892      0x25d Core/Src/main.o
 .debug_macro   0x0000000000022aef       0x1c Core/Src/main.o
 .debug_macro   0x0000000000022b0b      0x20b Core/Src/stm32f4xx_hal_msp.o
 .debug_macro   0x0000000000022d16      0x215 Core/Src/stm32f4xx_it.o
 .debug_macro   0x0000000000022f2b      0x202 Core/Src/system_stm32f4xx.o
 .debug_macro   0x000000000002312d      0x215 Core/Src/tim.o
 .debug_macro   0x0000000000023342      0x215 Core/Src/usart.o
 .debug_macro   0x0000000000023557      0x215 Core/Src/usb_otg.o
 .debug_macro   0x000000000002376c      0x25c Drivers/STM32F4xx_HAL_Driver/Src/stm32f4xx_hal.o
 .debug_macro   0x00000000000239c8      0x1fc Drivers/STM32F4xx_HAL_Driver/Src/stm32f4xx_hal_cortex.o
 .debug_macro   0x0000000000023bc4      0x212 Drivers/STM32F4xx_HAL_Driver/Src/stm32f4xx_hal_eth.o
 .debug_macro   0x0000000000023dd6      0x232 Drivers/STM32F4xx_HAL_Driver/Src/stm32f4xx_hal_gpio.o
 .debug_macro   0x0000000000024008      0x208 Drivers/STM32F4xx_HAL_Driver/Src/stm32f4xx_hal_pcd.o
 .debug_macro   0x0000000000024210      0x220 Drivers/STM32F4xx_HAL_Driver/Src/stm32f4xx_hal_rcc.o
 .debug_macro   0x0000000000024430      0x1fd Drivers/STM32F4xx_HAL_Driver/Src/stm32f4xx_hal_tim.o
 .debug_macro   0x000000000002462d      0x1fc Drivers/STM32F4xx_HAL_Driver/Src/stm32f4xx_hal_tim_ex.o
 .debug_macro   0x0000000000024829      0x1fd Drivers/STM32F4xx_HAL_Driver/Src/stm32f4xx_hal_uart.o
 .debug_macro   0x0000000000024a26      0x1fc Drivers/STM32F4xx_HAL_Driver/Src/stm32f4xx_ll_usb.o

.debug_line     0x0000000000000000     0xd262
 .debug_line    0x0000000000000000      0x8c3 Core/Src/MVCD_ST7920lib.o
 .debug_line    0x00000000000008c3      0x771 Core/Src/eth.o
 .debug_line    0x0000000000001034      0x742 Core/Src/gpio.o
 .debug_line    0x0000000000001776      0x7e8 Core/Src/main.o
 .debug_line    0x0000000000001f5e      0x71f Core/Src/stm32f4xx_hal_msp.o
 .debug_line    0x000000000000267d      0x7c3 Core/Src/stm32f4xx_it.o
 .debug_line    0x0000000000002e40      0x73a Core/Src/system_stm32f4xx.o
 .debug_line    0x000000000000357a      0x77d Core/Src/tim.o
 .debug_line    0x0000000000003cf7      0x753 Core/Src/usart.o
 .debug_line    0x000000000000444a      0x760 Core/Src/usb_otg.o
 .debug_line    0x0000000000004baa       0x86 Core/Startup/startup_stm32f429zitx.o
 .debug_line    0x0000000000004c30      0x948 Drivers/STM32F4xx_HAL_Driver/Src/stm32f4xx_hal.o
 .debug_line    0x0000000000005578      0xa48 Drivers/STM32F4xx_HAL_Driver/Src/stm32f4xx_hal_cortex.o
 .debug_line    0x0000000000005fc0      0xe13 Drivers/STM32F4xx_HAL_Driver/Src/stm32f4xx_hal_eth.o
 .debug_line    0x0000000000006dd3      0x92b Drivers/STM32F4xx_HAL_Driver/Src/stm32f4xx_hal_gpio.o
 .debug_line    0x00000000000076fe      0xc99 Drivers/STM32F4xx_HAL_Driver/Src/stm32f4xx_hal_pcd.o
 .debug_line    0x0000000000008397      0x97c Drivers/STM32F4xx_HAL_Driver/Src/stm32f4xx_hal_rcc.o
 .debug_line    0x0000000000008d13     0x199d Drivers/STM32F4xx_HAL_Driver/Src/stm32f4xx_hal_tim.o
 .debug_line    0x000000000000a6b0      0xd3a Drivers/STM32F4xx_HAL_Driver/Src/stm32f4xx_hal_tim_ex.o
 .debug_line    0x000000000000b3ea     0x1032 Drivers/STM32F4xx_HAL_Driver/Src/stm32f4xx_hal_uart.o
 .debug_line    0x000000000000c41c      0xe46 Drivers/STM32F4xx_HAL_Driver/Src/stm32f4xx_ll_usb.o

.debug_str      0x0000000000000000    0xdf1aa
 .debug_str     0x0000000000000000    0xda4ca Core/Src/MVCD_ST7920lib.o
                                      0xda7cc (size before relaxing)
 .debug_str     0x00000000000da4ca      0x5e6 Core/Src/eth.o
                                      0xda82b (size before relaxing)
 .debug_str     0x00000000000daab0       0x2a Core/Src/gpio.o
                                      0xda369 (size before relaxing)
 .debug_str     0x00000000000daada      0x6a0 Core/Src/main.o
                                      0xdb2af (size before relaxing)
 .debug_str     0x00000000000db17a       0x2c Core/Src/stm32f4xx_hal_msp.o
                                      0xda2ce (size before relaxing)
 .debug_str     0x00000000000db1a6       0xbd Core/Src/stm32f4xx_it.o
                                      0xda249 (size before relaxing)
 .debug_str     0x00000000000db263       0xc4 Core/Src/system_stm32f4xx.o
                                      0xd9e94 (size before relaxing)
 .debug_str     0x00000000000db327      0x104 Core/Src/tim.o
                                      0xda80c (size before relaxing)
 .debug_str     0x00000000000db42b       0x57 Core/Src/usart.o
                                      0xda7a9 (size before relaxing)
 .debug_str     0x00000000000db482       0x59 Core/Src/usb_otg.o
                                      0xda74d (size before relaxing)
 .debug_str     0x00000000000db4db       0x36 Core/Startup/startup_stm32f429zitx.o
                                         0x6f (size before relaxing)
 .debug_str     0x00000000000db511      0xb07 Drivers/STM32F4xx_HAL_Driver/Src/stm32f4xx_hal.o
                                      0xdaa00 (size before relaxing)
 .debug_str     0x00000000000dc018      0x394 Drivers/STM32F4xx_HAL_Driver/Src/stm32f4xx_hal_cortex.o
                                      0xda7a1 (size before relaxing)
 .debug_str     0x00000000000dc3ac      0x761 Drivers/STM32F4xx_HAL_Driver/Src/stm32f4xx_hal_eth.o
                                      0xdaa5f (size before relaxing)
 .debug_str     0x00000000000dcb0d      0x1e9 Drivers/STM32F4xx_HAL_Driver/Src/stm32f4xx_hal_gpio.o
                                      0xda0d3 (size before relaxing)
 .debug_str     0x00000000000dccf6      0x52a Drivers/STM32F4xx_HAL_Driver/Src/stm32f4xx_hal_pcd.o
                                      0xda621 (size before relaxing)
 .debug_str     0x00000000000dd220      0x259 Drivers/STM32F4xx_HAL_Driver/Src/stm32f4xx_hal_rcc.o
                                      0xda281 (size before relaxing)
 .debug_str     0x00000000000dd479      0xcf9 Drivers/STM32F4xx_HAL_Driver/Src/stm32f4xx_hal_tim.o
                                      0xdaf8d (size before relaxing)
 .debug_str     0x00000000000de172      0x4a2 Drivers/STM32F4xx_HAL_Driver/Src/stm32f4xx_hal_tim_ex.o
                                      0xda78d (size before relaxing)
 .debug_str     0x00000000000de614      0x51c Drivers/STM32F4xx_HAL_Driver/Src/stm32f4xx_hal_uart.o
                                      0xda6cd (size before relaxing)
 .debug_str     0x00000000000deb30      0x67a Drivers/STM32F4xx_HAL_Driver/Src/stm32f4xx_ll_usb.o
                                      0xda755 (size before relaxing)

.comment        0x0000000000000000       0x7b
 .comment       0x0000000000000000       0x7b Core/Src/MVCD_ST7920lib.o
                                         0x7c (size before relaxing)
 .comment       0x000000000000007b       0x7c Core/Src/eth.o
 .comment       0x000000000000007b       0x7c Core/Src/gpio.o
 .comment       0x000000000000007b       0x7c Core/Src/main.o
 .comment       0x000000000000007b       0x7c Core/Src/stm32f4xx_hal_msp.o
 .comment       0x000000000000007b       0x7c Core/Src/stm32f4xx_it.o
 .comment       0x000000000000007b       0x7c Core/Src/system_stm32f4xx.o
 .comment       0x000000000000007b       0x7c Core/Src/tim.o
 .comment       0x000000000000007b       0x7c Core/Src/usart.o
 .comment       0x000000000000007b       0x7c Core/Src/usb_otg.o
 .comment       0x000000000000007b       0x7c Drivers/STM32F4xx_HAL_Driver/Src/stm32f4xx_hal.o
 .comment       0x000000000000007b       0x7c Drivers/STM32F4xx_HAL_Driver/Src/stm32f4xx_hal_cortex.o
 .comment       0x000000000000007b       0x7c Drivers/STM32F4xx_HAL_Driver/Src/stm32f4xx_hal_eth.o
 .comment       0x000000000000007b       0x7c Drivers/STM32F4xx_HAL_Driver/Src/stm32f4xx_hal_gpio.o
 .comment       0x000000000000007b       0x7c Drivers/STM32F4xx_HAL_Driver/Src/stm32f4xx_hal_pcd.o
 .comment       0x000000000000007b       0x7c Drivers/STM32F4xx_HAL_Driver/Src/stm32f4xx_hal_rcc.o
 .comment       0x000000000000007b       0x7c Drivers/STM32F4xx_HAL_Driver/Src/stm32f4xx_hal_tim.o
 .comment       0x000000000000007b       0x7c Drivers/STM32F4xx_HAL_Driver/Src/stm32f4xx_hal_tim_ex.o
 .comment       0x000000000000007b       0x7c Drivers/STM32F4xx_HAL_Driver/Src/stm32f4xx_hal_uart.o
 .comment       0x000000000000007b       0x7c Drivers/STM32F4xx_HAL_Driver/Src/stm32f4xx_ll_usb.o

.debug_frame    0x0000000000000000     0x42a0
 .debug_frame   0x0000000000000000      0x158 Core/Src/MVCD_ST7920lib.o
 .debug_frame   0x0000000000000158       0x74 Core/Src/eth.o
 .debug_frame   0x00000000000001cc       0x34 Core/Src/gpio.o
 .debug_frame   0x0000000000000200       0x98 Core/Src/main.o
 .debug_frame   0x0000000000000298       0x38 Core/Src/stm32f4xx_hal_msp.o
 .debug_frame   0x00000000000002d0      0x10c Core/Src/stm32f4xx_it.o
 .debug_frame   0x00000000000003dc       0x58 Core/Src/system_stm32f4xx.o
 .debug_frame   0x0000000000000434       0xa8 Core/Src/tim.o
 .debug_frame   0x00000000000004dc       0x74 Core/Src/usart.o
 .debug_frame   0x0000000000000550       0x74 Core/Src/usb_otg.o
 .debug_frame   0x00000000000005c4      0x3b4 Drivers/STM32F4xx_HAL_Driver/Src/stm32f4xx_hal.o
 .debug_frame   0x0000000000000978      0x498 Drivers/STM32F4xx_HAL_Driver/Src/stm32f4xx_hal_cortex.o
 .debug_frame   0x0000000000000e10      0x4dc Drivers/STM32F4xx_HAL_Driver/Src/stm32f4xx_hal_eth.o
 .debug_frame   0x00000000000012ec      0x14c Drivers/STM32F4xx_HAL_Driver/Src/stm32f4xx_hal_gpio.o
 .debug_frame   0x0000000000001438      0x548 Drivers/STM32F4xx_HAL_Driver/Src/stm32f4xx_hal_pcd.o
 .debug_frame   0x0000000000001980      0x1f0 Drivers/STM32F4xx_HAL_Driver/Src/stm32f4xx_hal_rcc.o
 .debug_frame   0x0000000000001b70     0x10f0 Drivers/STM32F4xx_HAL_Driver/Src/stm32f4xx_hal_tim.o
 .debug_frame   0x0000000000002c60      0x5c0 Drivers/STM32F4xx_HAL_Driver/Src/stm32f4xx_hal_tim_ex.o
 .debug_frame   0x0000000000003220      0x844 Drivers/STM32F4xx_HAL_Driver/Src/stm32f4xx_hal_uart.o
 .debug_frame   0x0000000000003a64      0x790 Drivers/STM32F4xx_HAL_Driver/Src/stm32f4xx_ll_usb.o
 .debug_frame   0x00000000000041f4       0x2c c:/st/stm32cubeide_1.1.0/stm32cubeide/plugins/com.st.stm32cube.ide.mcu.externaltools.gnu-tools-for-stm32.7-2018-q2-update.win32_1.0.0.201904181610/tools/bin/../lib/gcc/arm-none-eabi/7.3.1/../../../../arm-none-eabi/lib/thumb/v7e-m/fpv4-sp/hard\libc_nano.a(lib_a-init.o)
 .debug_frame   0x0000000000004220       0x20 c:/st/stm32cubeide_1.1.0/stm32cubeide/plugins/com.st.stm32cube.ide.mcu.externaltools.gnu-tools-for-stm32.7-2018-q2-update.win32_1.0.0.201904181610/tools/bin/../lib/gcc/arm-none-eabi/7.3.1/../../../../arm-none-eabi/lib/thumb/v7e-m/fpv4-sp/hard\libc_nano.a(lib_a-memset.o)
 .debug_frame   0x0000000000004240       0x2c c:/st/stm32cubeide_1.1.0/stm32cubeide/plugins/com.st.stm32cube.ide.mcu.externaltools.gnu-tools-for-stm32.7-2018-q2-update.win32_1.0.0.201904181610/tools/bin/../lib/gcc/arm-none-eabi/7.3.1/thumb/v7e-m/fpv4-sp/hard\libgcc.a(_aeabi_uldivmod.o)
 .debug_frame   0x000000000000426c       0x34 c:/st/stm32cubeide_1.1.0/stm32cubeide/plugins/com.st.stm32cube.ide.mcu.externaltools.gnu-tools-for-stm32.7-2018-q2-update.win32_1.0.0.201904181610/tools/bin/../lib/gcc/arm-none-eabi/7.3.1/thumb/v7e-m/fpv4-sp/hard\libgcc.a(_udivmoddi4.o)
